Found 16 benchmarks; running 3 engines x 16 = 48 jobs
Workers=8, timeout=1800s per job
[1/48] mini_ic3   cache_coherence_two       ok       verdict=safe     time=1.061 frames=7 sat=-
[2/48] pyic3      cache_coherence_three     ok       verdict=safe     time=1.509 frames=4 sat=476
[3/48] mini_ic3   client_server             ok       verdict=safe     time=0.114 frames=5 sat=-
[4/48] mini_quip  client_server             ok       verdict=safe     time=0.352 frames=5 sat=-
[5/48] mini_ic3   cache_coherence_three     ok       verdict=safe     time=2.077 frames=7 sat=-
[6/48] pyic3      client_server             ok       verdict=safe     time=0.085 frames=3 sat=51
[7/48] pyic3      cache_coherence_two       ok       verdict=safe     time=1.604 frames=8 sat=758
[8/48] mini_quip  cache_coherence_two       ok       verdict=safe     time=3.018 frames=8 sat=-
[9/48] pyic3      h_Arbiter                 ok       verdict=safe     time=0.303 frames=5 sat=249
[10/48] mini_quip  cache_coherence_three     ok       verdict=safe     time=3.141 frames=6 sat=-
[11/48] mini_ic3   h_Arbiter                 ok       verdict=safe     time=1.686 frames=14 sat=-
[12/48] mini_quip  h_Arbiter                 ok       verdict=safe     time=2.386 frames=9 sat=-
[13/48] mini_ic3   h_CRC                     ok       verdict=unsafe   time=17.381 frames=4 sat=-
[14/48] pyic3      h_Dekker                  ok       verdict=safe     time=0.411 frames=8 sat=420
[15/48] pyic3      h_CRC                     ok       verdict=unsafe   time=21.257 frames=4 sat=8279
[16/48] mini_ic3   h_FIFO                    ok       verdict=unsafe   time=12.993 frames=6 sat=-
[17/48] pyic3      h_FIFO                    ok       verdict=unsafe   time=3.167 frames=5 sat=969
[18/48] pyic3      Heap                      ok       verdict=safe     time=373.607 frames=29 sat=84600
[19/48] mini_quip  h_Dekker                  ok       verdict=safe     time=372.154 frames=10 sat=-
[20/48] mini_ic3   h_Dekker                  ok       verdict=safe     time=404.027 frames=63 sat=-
[21/48] pyic3      h_TreeArb                 ok       verdict=safe     time=88.37 frames=15 sat=18404
[22/48] mini_quip  h_Vending                 ok       verdict=safe     time=919.053 frames=37 sat=-
[23/48] pyic3      h_Vending                 ok       verdict=safe     time=9.886 frames=14 sat=3245
[24/48] mini_ic3   sw_state_machine          ok       verdict=safe     time=19.785 frames=37 sat=-
[25/48] mini_quip  sw_state_machine          ok       verdict=safe     time=9.11 frames=13 sat=-
[26/48] pyic3      sw_state_machine          ok       verdict=safe     time=1.636 frames=7 sat=422
[27/48] mini_ic3   Heap                      timeout  verdict=-        time=1800 frames=- sat=-
[28/48] mini_quip  Heap                      timeout  verdict=-        time=1800 frames=- sat=-
[29/48] mini_quip  h_CRC                     timeout  verdict=-        time=1800 frames=- sat=-
[30/48] mini_quip  h_FIFO                    timeout  verdict=-        time=1800 frames=- sat=-
[31/48] mini_ic3   h_TreeArb                 timeout  verdict=-        time=1800 frames=- sat=-
[32/48] pyic3      brp                       ok       verdict=safe     time=283.666 frames=10 sat=7305
[33/48] mini_quip  h_TreeArb                 ok       verdict=safe     time=1755.177 frames=73 sat=-
[34/48] mini_ic3   h_Vending                 timeout  verdict=-        time=1800 frames=- sat=-
[35/48] pyic3      counter                   ok       verdict=safe     time=19.221 frames=16 sat=8189
[36/48] mini_ic3   toy_lock_4                timeout  verdict=-        time=1800 frames=- sat=-
[37/48] mini_quip  toy_lock_4                timeout  verdict=-        time=1800 frames=- sat=-
[38/48] pyic3      toy_lock_4                timeout  verdict=-        time=1800 frames=- sat=-
[39/48] mini_ic3   brp                       timeout  verdict=-        time=1800 frames=- sat=-
[40/48] pyic3      mutex                     ok       verdict=safe     time=17.366 frames=12 sat=6589
[41/48] mini_quip  brp                       timeout  verdict=-        time=1800 frames=- sat=-
[42/48] pyic3      ring                      ok       verdict=safe     time=198.628 frames=11 sat=50893
[43/48] mini_ic3   counter                   timeout  verdict=-        time=1800 frames=- sat=-
[44/48] mini_quip  counter                   timeout  verdict=-        time=1800 frames=- sat=-
[45/48] mini_ic3   mutex                     timeout  verdict=-        time=1800 frames=- sat=-
[46/48] mini_quip  mutex                     timeout  verdict=-        time=1800 frames=- sat=-
[47/48] mini_ic3   ring                      timeout  verdict=-        time=1800 frames=- sat=-
[48/48] mini_quip  ring                      timeout  verdict=-        time=1800 frames=- sat=-
Total wall: 5403.2s -> /Users/huguangyu/coding_env/pyIC3/experiment/baseline_results.json
